Archive member included to satisfy reference by file (symbol)

/usr/lib/gcc/avr/4.9.2/avr35/libgcc.a(_mulhi3.o)
                              obj/HIDParser.o (__mulhi3)
/usr/lib/gcc/avr/4.9.2/avr35/libgcc.a(_udivmodsi4.o)
                              obj/USBtoSerial.o (__udivmodsi4)
/usr/lib/gcc/avr/4.9.2/avr35/libgcc.a(_exit.o)
                              /usr/lib/gcc/avr/4.9.2/../../../avr/lib/avr35/crtatmega16u2.o (exit)
/usr/lib/gcc/avr/4.9.2/avr35/libgcc.a(_copy_data.o)
                              obj/USBtoSerial.o (__do_copy_data)
/usr/lib/gcc/avr/4.9.2/avr35/libgcc.a(_clear_bss.o)
                              obj/USBtoSerial.o (__do_clear_bss)
/usr/lib/gcc/avr/4.9.2/../../../avr/lib/avr35/libc.a(memcpy_P.o)
                              obj/RNDISClassDevice.o (memcpy_P)
/usr/lib/gcc/avr/4.9.2/../../../avr/lib/avr35/libc.a(strlen_P.o)
                              obj/CDCClassDevice.o (__strlen_P)
/usr/lib/gcc/avr/4.9.2/../../../avr/lib/avr35/libc.a(memcmp.o)
                              obj/HIDClassDevice.o (memcmp)
/usr/lib/gcc/avr/4.9.2/../../../avr/lib/avr35/libc.a(memcpy.o)
                              obj/HIDClassDevice.o (memcpy)
/usr/lib/gcc/avr/4.9.2/../../../avr/lib/avr35/libc.a(memset.o)
                              obj/HIDClassDevice.o (memset)
/usr/lib/gcc/avr/4.9.2/../../../avr/lib/avr35/libatmega16u2.a(eerd_byte.o)
                              obj/EndpointStream_AVR8.o (eeprom_read_byte)
/usr/lib/gcc/avr/4.9.2/../../../avr/lib/avr35/libatmega16u2.a(eeupd_byte.o)
                              obj/EndpointStream_AVR8.o (eeprom_update_byte)

Allocating common symbols
Common symbol       size              file

USB_IsInitialized   0x1               obj/USBTask.o
USB_Device_ConfigurationNumber
                    0x1               obj/DeviceStandardReq.o
USB_Device_CurrentlySelfPowered
                    0x1               obj/DeviceStandardReq.o
USB_ControlRequest  0x8               obj/USBTask.o
USB_Device_RemoteWakeupEnabled
                    0x1               obj/DeviceStandardReq.o

Discarded input sections

 .data          0x0000000000000000        0x0 /usr/lib/gcc/avr/4.9.2/../../../avr/lib/avr35/crtatmega16u2.o
 .bss           0x0000000000000000        0x0 /usr/lib/gcc/avr/4.9.2/../../../avr/lib/avr35/crtatmega16u2.o
 .text          0x0000000000000000        0x0 obj/USBtoSerial.o
 .text          0x0000000000000000        0x0 obj/Descriptors.o
 .data          0x0000000000000000        0x0 obj/Descriptors.o
 .bss           0x0000000000000000        0x0 obj/Descriptors.o
 .text          0x0000000000000000        0x0 obj/HIDParser.o
 .data          0x0000000000000000        0x0 obj/HIDParser.o
 .bss           0x0000000000000000        0x0 obj/HIDParser.o
 .text.USB_ProcessHIDReport
                0x0000000000000000      0x6fa obj/HIDParser.o
 .text.USB_GetHIDReportItemInfo
                0x0000000000000000       0xbc obj/HIDParser.o
 .text.USB_SetHIDReportItemInfo
                0x0000000000000000       0xc0 obj/HIDParser.o
 .text.USB_GetHIDReportSize
                0x0000000000000000       0x54 obj/HIDParser.o
 .debug_info    0x0000000000000000      0x738 obj/HIDParser.o
 .debug_abbrev  0x0000000000000000      0x21e obj/HIDParser.o
 .debug_loc     0x0000000000000000      0xa78 obj/HIDParser.o
 .debug_aranges
                0x0000000000000000       0x38 obj/HIDParser.o
 .debug_ranges  0x0000000000000000       0xd0 obj/HIDParser.o
 .debug_line    0x0000000000000000      0x572 obj/HIDParser.o
 .debug_str     0x0000000000000000      0x6de obj/HIDParser.o
 .comment       0x0000000000000000       0x12 obj/HIDParser.o
 .debug_frame   0x0000000000000000      0x11c obj/HIDParser.o
 .text          0x0000000000000000        0x0 obj/Device_AVR8.o
 .data          0x0000000000000000        0x0 obj/Device_AVR8.o
 .bss           0x0000000000000000        0x0 obj/Device_AVR8.o
 .text.USB_Device_SendRemoteWakeup
                0x0000000000000000       0x2c obj/Device_AVR8.o
 .debug_info    0x0000000000000000       0xd2 obj/Device_AVR8.o
 .debug_abbrev  0x0000000000000000       0x80 obj/Device_AVR8.o
 .debug_aranges
                0x0000000000000000       0x20 obj/Device_AVR8.o
 .debug_ranges  0x0000000000000000       0x10 obj/Device_AVR8.o
 .debug_line    0x0000000000000000      0x104 obj/Device_AVR8.o
 .debug_str     0x0000000000000000      0x21a obj/Device_AVR8.o
 .comment       0x0000000000000000       0x12 obj/Device_AVR8.o
 .debug_frame   0x0000000000000000       0x24 obj/Device_AVR8.o
 .text          0x0000000000000000        0x0 obj/EndpointStream_AVR8.o
 .data          0x0000000000000000        0x0 obj/EndpointStream_AVR8.o
 .bss           0x0000000000000000        0x0 obj/EndpointStream_AVR8.o
 .text.Endpoint_Discard_Stream
                0x0000000000000000       0x80 obj/EndpointStream_AVR8.o
 .text.Endpoint_Null_Stream
                0x0000000000000000       0x80 obj/EndpointStream_AVR8.o
 .text.Endpoint_Write_Stream_LE
                0x0000000000000000       0x96 obj/EndpointStream_AVR8.o
 .text.Endpoint_Write_Stream_BE
                0x0000000000000000       0xa2 obj/EndpointStream_AVR8.o
 .text.Endpoint_Read_Stream_LE
                0x0000000000000000       0x96 obj/EndpointStream_AVR8.o
 .text.Endpoint_Read_Stream_BE
                0x0000000000000000       0xa2 obj/EndpointStream_AVR8.o
 .text.Endpoint_Write_PStream_LE
                0x0000000000000000       0x9a obj/EndpointStream_AVR8.o
 .text.Endpoint_Write_PStream_BE
                0x0000000000000000       0xa4 obj/EndpointStream_AVR8.o
 .text.Endpoint_Write_EStream_LE
                0x0000000000000000       0x9e obj/EndpointStream_AVR8.o
 .text.Endpoint_Write_EStream_BE
                0x0000000000000000       0xa6 obj/EndpointStream_AVR8.o
 .text.Endpoint_Read_EStream_LE
                0x0000000000000000       0x9e obj/EndpointStream_AVR8.o
 .text.Endpoint_Read_EStream_BE
                0x0000000000000000       0xa6 obj/EndpointStream_AVR8.o
 .text.Endpoint_Write_Control_Stream_BE
                0x0000000000000000       0xc2 obj/EndpointStream_AVR8.o
 .text.Endpoint_Read_Control_Stream_LE
                0x0000000000000000       0x74 obj/EndpointStream_AVR8.o
 .text.Endpoint_Read_Control_Stream_BE
                0x0000000000000000       0x76 obj/EndpointStream_AVR8.o
 .text.Endpoint_Write_Control_PStream_BE
                0x0000000000000000       0xc4 obj/EndpointStream_AVR8.o
 .text.Endpoint_Write_Control_EStream_LE
                0x0000000000000000       0xea obj/EndpointStream_AVR8.o
 .text.Endpoint_Write_Control_EStream_BE
                0x0000000000000000       0xf6 obj/EndpointStream_AVR8.o
 .text.Endpoint_Read_Control_EStream_LE
                0x0000000000000000       0x88 obj/EndpointStream_AVR8.o
 .text.Endpoint_Read_Control_EStream_BE
                0x0000000000000000       0x86 obj/EndpointStream_AVR8.o
 .text          0x0000000000000000        0x0 obj/Endpoint_AVR8.o
 .data          0x0000000000000000        0x0 obj/Endpoint_AVR8.o
 .bss           0x0000000000000000        0x0 obj/Endpoint_AVR8.o
 .text.Endpoint_ClearEndpoints
                0x0000000000000000       0x28 obj/Endpoint_AVR8.o
 .text          0x0000000000000000        0x0 obj/Host_AVR8.o
 .data          0x0000000000000000        0x0 obj/Host_AVR8.o
 .bss           0x0000000000000000        0x0 obj/Host_AVR8.o
 .debug_info    0x0000000000000000       0x56 obj/Host_AVR8.o
 .debug_abbrev  0x0000000000000000       0x26 obj/Host_AVR8.o
 .debug_aranges
                0x0000000000000000       0x18 obj/Host_AVR8.o
 .debug_line    0x0000000000000000       0x1a obj/Host_AVR8.o
 .debug_str     0x0000000000000000      0x1b9 obj/Host_AVR8.o
 .comment       0x0000000000000000       0x12 obj/Host_AVR8.o
 .text          0x0000000000000000        0x0 obj/PipeStream_AVR8.o
 .data          0x0000000000000000        0x0 obj/PipeStream_AVR8.o
 .bss           0x0000000000000000        0x0 obj/PipeStream_AVR8.o
 .debug_info    0x0000000000000000       0x56 obj/PipeStream_AVR8.o
 .debug_abbrev  0x0000000000000000       0x26 obj/PipeStream_AVR8.o
 .debug_aranges
                0x0000000000000000       0x18 obj/PipeStream_AVR8.o
 .debug_line    0x0000000000000000       0x1a obj/PipeStream_AVR8.o
 .debug_str     0x0000000000000000      0x1bf obj/PipeStream_AVR8.o
 .comment       0x0000000000000000       0x12 obj/PipeStream_AVR8.o
 .text          0x0000000000000000        0x0 obj/Pipe_AVR8.o
 .data          0x0000000000000000        0x0 obj/Pipe_AVR8.o
 .bss           0x0000000000000000        0x0 obj/Pipe_AVR8.o
 .debug_info    0x0000000000000000       0x56 obj/Pipe_AVR8.o
 .debug_abbrev  0x0000000000000000       0x26 obj/Pipe_AVR8.o
 .debug_aranges
                0x0000000000000000       0x18 obj/Pipe_AVR8.o
 .debug_line    0x0000000000000000       0x1a obj/Pipe_AVR8.o
 .debug_str     0x0000000000000000      0x1b9 obj/Pipe_AVR8.o
 .comment       0x0000000000000000       0x12 obj/Pipe_AVR8.o
 .text          0x0000000000000000        0x0 obj/USBController_AVR8.o
 .data          0x0000000000000000        0x0 obj/USBController_AVR8.o
 .bss           0x0000000000000000        0x0 obj/USBController_AVR8.o
 .text.USB_Disable
                0x0000000000000000       0x2e obj/USBController_AVR8.o
 .text          0x0000000000000000        0x0 obj/USBInterrupt_AVR8.o
 .data          0x0000000000000000        0x0 obj/USBInterrupt_AVR8.o
 .bss           0x0000000000000000        0x0 obj/USBInterrupt_AVR8.o
 .text          0x0000000000000000        0x0 obj/ConfigDescriptors.o
 .data          0x0000000000000000        0x0 obj/ConfigDescriptors.o
 .bss           0x0000000000000000        0x0 obj/ConfigDescriptors.o
 .text.USB_GetNextDescriptor
                0x0000000000000000       0x3c obj/ConfigDescriptors.o
 .text.USB_GetNextDescriptorOfType
                0x0000000000000000       0x48 obj/ConfigDescriptors.o
 .text.USB_GetNextDescriptorOfTypeBefore
                0x0000000000000000       0x58 obj/ConfigDescriptors.o
 .text.USB_GetNextDescriptorOfTypeAfter
                0x0000000000000000       0x3e obj/ConfigDescriptors.o
 .text.USB_GetNextDescriptorComp
                0x0000000000000000       0x66 obj/ConfigDescriptors.o
 .debug_info    0x0000000000000000      0x3cd obj/ConfigDescriptors.o
 .debug_abbrev  0x0000000000000000      0x183 obj/ConfigDescriptors.o
 .debug_loc     0x0000000000000000      0x5bd obj/ConfigDescriptors.o
 .debug_aranges
                0x0000000000000000       0x40 obj/ConfigDescriptors.o
 .debug_ranges  0x0000000000000000       0x30 obj/ConfigDescriptors.o
 .debug_line    0x0000000000000000      0x1d4 obj/ConfigDescriptors.o
 .debug_str     0x0000000000000000      0x402 obj/ConfigDescriptors.o
 .comment       0x0000000000000000       0x12 obj/ConfigDescriptors.o
 .debug_frame   0x0000000000000000      0x108 obj/ConfigDescriptors.o
 .text          0x0000000000000000        0x0 obj/DeviceStandardReq.o
 .data          0x0000000000000000        0x0 obj/DeviceStandardReq.o
 .bss           0x0000000000000000        0x0 obj/DeviceStandardReq.o
 .text          0x0000000000000000        0x0 obj/Events.o
 .data          0x0000000000000000        0x0 obj/Events.o
 .bss           0x0000000000000000        0x0 obj/Events.o
 .text          0x0000000000000000        0x0 obj/HostStandardReq.o
 .data          0x0000000000000000        0x0 obj/HostStandardReq.o
 .bss           0x0000000000000000        0x0 obj/HostStandardReq.o
 .debug_info    0x0000000000000000       0x56 obj/HostStandardReq.o
 .debug_abbrev  0x0000000000000000       0x26 obj/HostStandardReq.o
 .debug_aranges
                0x0000000000000000       0x18 obj/HostStandardReq.o
 .debug_line    0x0000000000000000       0x1a obj/HostStandardReq.o
 .debug_str     0x0000000000000000      0x1ba obj/HostStandardReq.o
 .comment       0x0000000000000000       0x12 obj/HostStandardReq.o
 .text          0x0000000000000000        0x0 obj/USBTask.o
 .data          0x0000000000000000        0x0 obj/USBTask.o
 .bss           0x0000000000000000        0x0 obj/USBTask.o
 .text          0x0000000000000000        0x0 obj/AudioClassDevice.o
 .data          0x0000000000000000        0x0 obj/AudioClassDevice.o
 .bss           0x0000000000000000        0x0 obj/AudioClassDevice.o
 .text.Audio_Device_ConfigureEndpoints
                0x0000000000000000       0x32 obj/AudioClassDevice.o
 .text.Audio_Device_Event_Stub
                0x0000000000000000        0x2 obj/AudioClassDevice.o
 .text.Audio_Device_ProcessControlRequest
                0x0000000000000000      0x2e4 obj/AudioClassDevice.o
 .debug_info    0x0000000000000000      0x8ea obj/AudioClassDevice.o
 .debug_abbrev  0x0000000000000000      0x205 obj/AudioClassDevice.o
 .debug_loc     0x0000000000000000      0x37c obj/AudioClassDevice.o
 .debug_aranges
                0x0000000000000000       0x30 obj/AudioClassDevice.o
 .debug_ranges  0x0000000000000000       0x20 obj/AudioClassDevice.o
 .debug_line    0x0000000000000000      0x3f2 obj/AudioClassDevice.o
 .debug_str     0x0000000000000000      0x6c6 obj/AudioClassDevice.o
 .comment       0x0000000000000000       0x12 obj/AudioClassDevice.o
 .debug_frame   0x0000000000000000       0xa8 obj/AudioClassDevice.o
 .text          0x0000000000000000        0x0 obj/CDCClassDevice.o
 .data          0x0000000000000000        0x0 obj/CDCClassDevice.o
 .bss           0x0000000000000000        0x0 obj/CDCClassDevice.o
 .text.CDC_Device_SendString
                0x0000000000000000       0x40 obj/CDCClassDevice.o
 .text.CDC_Device_SendString_P
                0x0000000000000000       0x50 obj/CDCClassDevice.o
 .text.CDC_Device_SendData
                0x0000000000000000       0x32 obj/CDCClassDevice.o
 .text.CDC_Device_SendData_P
                0x0000000000000000       0x32 obj/CDCClassDevice.o
 .text.CDC_Device_putchar
                0x0000000000000000       0x22 obj/CDCClassDevice.o
 .text.CDC_Device_BytesReceived
                0x0000000000000000       0x48 obj/CDCClassDevice.o
 .text.CDC_Device_getchar
                0x0000000000000000       0x14 obj/CDCClassDevice.o
 .text.CDC_Device_getchar_Blocking
                0x0000000000000000       0x30 obj/CDCClassDevice.o
 .rodata        0x0000000000000000        0x8 obj/CDCClassDevice.o
 .text.CDC_Device_SendControlLineStateChange
                0x0000000000000000       0x8c obj/CDCClassDevice.o
 .text.CDC_Device_CreateStream
                0x0000000000000000       0x26 obj/CDCClassDevice.o
 .text.CDC_Device_CreateBlockingStream
                0x0000000000000000       0x26 obj/CDCClassDevice.o
 .text          0x0000000000000000        0x0 obj/HIDClassDevice.o
 .data          0x0000000000000000        0x0 obj/HIDClassDevice.o
 .bss           0x0000000000000000        0x0 obj/HIDClassDevice.o
 .text.HID_Device_ProcessControlRequest
                0x0000000000000000      0x282 obj/HIDClassDevice.o
 .text.HID_Device_ConfigureEndpoints
                0x0000000000000000       0x28 obj/HIDClassDevice.o
 .text.HID_Device_USBTask
                0x0000000000000000      0x18c obj/HIDClassDevice.o
 .debug_info    0x0000000000000000      0x9f5 obj/HIDClassDevice.o
 .debug_abbrev  0x0000000000000000      0x264 obj/HIDClassDevice.o
 .debug_loc     0x0000000000000000      0x44b obj/HIDClassDevice.o
 .debug_aranges
                0x0000000000000000       0x30 obj/HIDClassDevice.o
 .debug_ranges  0x0000000000000000       0x20 obj/HIDClassDevice.o
 .debug_line    0x0000000000000000      0x4fc obj/HIDClassDevice.o
 .debug_str     0x0000000000000000      0x718 obj/HIDClassDevice.o
 .comment       0x0000000000000000       0x12 obj/HIDClassDevice.o
 .debug_frame   0x0000000000000000       0xe8 obj/HIDClassDevice.o
 .text          0x0000000000000000        0x0 obj/MassStorageClassDevice.o
 .data          0x0000000000000000        0x0 obj/MassStorageClassDevice.o
 .bss           0x0000000000000000        0x0 obj/MassStorageClassDevice.o
 .text.MS_Device_ProcessControlRequest
                0x0000000000000000       0x86 obj/MassStorageClassDevice.o
 .text.MS_Device_ConfigureEndpoints
                0x0000000000000000       0x3e obj/MassStorageClassDevice.o
 .text.MS_Device_USBTask
                0x0000000000000000      0x232 obj/MassStorageClassDevice.o
 .debug_info    0x0000000000000000      0x949 obj/MassStorageClassDevice.o
 .debug_abbrev  0x0000000000000000      0x2a8 obj/MassStorageClassDevice.o
 .debug_loc     0x0000000000000000      0x2b8 obj/MassStorageClassDevice.o
 .debug_aranges
                0x0000000000000000       0x30 obj/MassStorageClassDevice.o
 .debug_ranges  0x0000000000000000       0x20 obj/MassStorageClassDevice.o
 .debug_line    0x0000000000000000      0x488 obj/MassStorageClassDevice.o
 .debug_str     0x0000000000000000      0x812 obj/MassStorageClassDevice.o
 .comment       0x0000000000000000       0x12 obj/MassStorageClassDevice.o
 .debug_frame   0x0000000000000000       0x80 obj/MassStorageClassDevice.o
 .text          0x0000000000000000        0x0 obj/MIDIClassDevice.o
 .data          0x0000000000000000        0x0 obj/MIDIClassDevice.o
 .bss           0x0000000000000000        0x0 obj/MIDIClassDevice.o
 .text.MIDI_Device_ConfigureEndpoints
                0x0000000000000000       0x32 obj/MIDIClassDevice.o
 .text.MIDI_Device_SendEventPacket
                0x0000000000000000       0x44 obj/MIDIClassDevice.o
 .text.MIDI_Device_Flush
                0x0000000000000000       0x2a obj/MIDIClassDevice.o
 .text.MIDI_Device_USBTask
                0x0000000000000000       0x20 obj/MIDIClassDevice.o
 .text.MIDI_Device_ReceiveEventPacket
                0x0000000000000000       0x48 obj/MIDIClassDevice.o
 .debug_info    0x0000000000000000      0x629 obj/MIDIClassDevice.o
 .debug_abbrev  0x0000000000000000      0x22b obj/MIDIClassDevice.o
 .debug_loc     0x0000000000000000      0x304 obj/MIDIClassDevice.o
 .debug_aranges
                0x0000000000000000       0x40 obj/MIDIClassDevice.o
 .debug_ranges  0x0000000000000000       0x30 obj/MIDIClassDevice.o
 .debug_line    0x0000000000000000      0x32c obj/MIDIClassDevice.o
 .debug_str     0x0000000000000000      0x687 obj/MIDIClassDevice.o
 .comment       0x0000000000000000       0x12 obj/MIDIClassDevice.o
 .debug_frame   0x0000000000000000       0x70 obj/MIDIClassDevice.o
 .text          0x0000000000000000        0x0 obj/PrinterClassDevice.o
 .data          0x0000000000000000        0x0 obj/PrinterClassDevice.o
 .bss           0x0000000000000000        0x0 obj/PrinterClassDevice.o
 .text.PRNT_Device_ConfigureEndpoints
                0x0000000000000000       0x38 obj/PrinterClassDevice.o
 .text.PRNT_Device_SendString
                0x0000000000000000       0x30 obj/PrinterClassDevice.o
 .text.PRNT_Device_SendData
                0x0000000000000000       0x22 obj/PrinterClassDevice.o
 .text.PRNT_Device_SendByte
                0x0000000000000000       0x3e obj/PrinterClassDevice.o
 .text.PRNT_Device_putchar
                0x0000000000000000       0x22 obj/PrinterClassDevice.o
 .text.PRNT_Device_Flush
                0x0000000000000000       0x44 obj/PrinterClassDevice.o
 .text.PRNT_Device_USBTask
                0x0000000000000000       0x9a obj/PrinterClassDevice.o
 .text.PRNT_Device_BytesReceived
                0x0000000000000000       0x38 obj/PrinterClassDevice.o
 .text.PRNT_Device_ReceiveByte
                0x0000000000000000       0x48 obj/PrinterClassDevice.o
 .text.PRNT_Device_getchar
                0x0000000000000000       0x14 obj/PrinterClassDevice.o
 .text.PRNT_Device_getchar_Blocking
                0x0000000000000000       0x30 obj/PrinterClassDevice.o
 .text.PRNT_Device_CreateStream
                0x0000000000000000       0x26 obj/PrinterClassDevice.o
 .text.PRNT_Device_CreateBlockingStream
                0x0000000000000000       0x26 obj/PrinterClassDevice.o
 .text.PRNT_Device_Event_Stub
                0x0000000000000000        0x2 obj/PrinterClassDevice.o
 .text.PRNT_Device_ProcessControlRequest
                0x0000000000000000       0xd6 obj/PrinterClassDevice.o
 .debug_info    0x0000000000000000      0xcd3 obj/PrinterClassDevice.o
 .debug_abbrev  0x0000000000000000      0x343 obj/PrinterClassDevice.o
 .debug_loc     0x0000000000000000      0x837 obj/PrinterClassDevice.o
 .debug_aranges
                0x0000000000000000       0x90 obj/PrinterClassDevice.o
 .debug_ranges  0x0000000000000000       0x80 obj/PrinterClassDevice.o
 .debug_line    0x0000000000000000      0x68e obj/PrinterClassDevice.o
 .debug_str     0x0000000000000000      0x950 obj/PrinterClassDevice.o
 .comment       0x0000000000000000       0x12 obj/PrinterClassDevice.o
 .debug_frame   0x0000000000000000      0x13c obj/PrinterClassDevice.o
 .text          0x0000000000000000        0x0 obj/RNDISClassDevice.o
 .data          0x0000000000000000        0x0 obj/RNDISClassDevice.o
 .bss           0x0000000000000000        0x0 obj/RNDISClassDevice.o
 .text.RNDIS_Device_ProcessControlRequest
                0x0000000000000000      0x4ec obj/RNDISClassDevice.o
 .text.RNDIS_Device_ConfigureEndpoints
                0x0000000000000000       0x64 obj/RNDISClassDevice.o
 .rodata        0x0000000000000000        0x8 obj/RNDISClassDevice.o
 .text.RNDIS_Device_USBTask
                0x0000000000000000       0x7e obj/RNDISClassDevice.o
 .text.RNDIS_Device_IsPacketReceived
                0x0000000000000000       0x26 obj/RNDISClassDevice.o
 .text.RNDIS_Device_ReadPacket
                0x0000000000000000       0xb4 obj/RNDISClassDevice.o
 .text.RNDIS_Device_SendPacket
                0x0000000000000000       0xd2 obj/RNDISClassDevice.o
 .progmem.data  0x0000000000000000       0x6c obj/RNDISClassDevice.o
 .debug_info    0x0000000000000000     0x1154 obj/RNDISClassDevice.o
 .debug_abbrev  0x0000000000000000      0x36f obj/RNDISClassDevice.o
 .debug_loc     0x0000000000000000      0xdce obj/RNDISClassDevice.o
 .debug_aranges
                0x0000000000000000       0x48 obj/RNDISClassDevice.o
 .debug_ranges  0x0000000000000000       0x88 obj/RNDISClassDevice.o
 .debug_line    0x0000000000000000      0x6a1 obj/RNDISClassDevice.o
 .debug_str     0x0000000000000000      0xd88 obj/RNDISClassDevice.o
 .comment       0x0000000000000000       0x12 obj/RNDISClassDevice.o
 .debug_frame   0x0000000000000000      0x10c obj/RNDISClassDevice.o
 .text          0x0000000000000000        0x0 obj/AndroidAccessoryClassHost.o
 .data          0x0000000000000000        0x0 obj/AndroidAccessoryClassHost.o
 .bss           0x0000000000000000        0x0 obj/AndroidAccessoryClassHost.o
 .debug_info    0x0000000000000000       0x56 obj/AndroidAccessoryClassHost.o
 .debug_abbrev  0x0000000000000000       0x26 obj/AndroidAccessoryClassHost.o
 .debug_aranges
                0x0000000000000000       0x18 obj/AndroidAccessoryClassHost.o
 .debug_line    0x0000000000000000       0x1a obj/AndroidAccessoryClassHost.o
 .debug_str     0x0000000000000000      0x1ca obj/AndroidAccessoryClassHost.o
 .comment       0x0000000000000000       0x12 obj/AndroidAccessoryClassHost.o
 .text          0x0000000000000000        0x0 obj/AudioClassHost.o
 .data          0x0000000000000000        0x0 obj/AudioClassHost.o
 .bss           0x0000000000000000        0x0 obj/AudioClassHost.o
 .debug_info    0x0000000000000000       0x56 obj/AudioClassHost.o
 .debug_abbrev  0x0000000000000000       0x26 obj/AudioClassHost.o
 .debug_aranges
                0x0000000000000000       0x18 obj/AudioClassHost.o
 .debug_line    0x0000000000000000       0x1a obj/AudioClassHost.o
 .debug_str     0x0000000000000000      0x1bf obj/AudioClassHost.o
 .comment       0x0000000000000000       0x12 obj/AudioClassHost.o
 .text          0x0000000000000000        0x0 obj/CDCClassHost.o
 .data          0x0000000000000000        0x0 obj/CDCClassHost.o
 .bss           0x0000000000000000        0x0 obj/CDCClassHost.o
 .debug_info    0x0000000000000000       0x56 obj/CDCClassHost.o
 .debug_abbrev  0x0000000000000000       0x26 obj/CDCClassHost.o
 .debug_aranges
                0x0000000000000000       0x18 obj/CDCClassHost.o
 .debug_line    0x0000000000000000       0x1a obj/CDCClassHost.o
 .debug_str     0x0000000000000000      0x1bd obj/CDCClassHost.o
 .comment       0x0000000000000000       0x12 obj/CDCClassHost.o
 .text          0x0000000000000000        0x0 obj/HIDClassHost.o
 .data          0x0000000000000000        0x0 obj/HIDClassHost.o
 .bss           0x0000000000000000        0x0 obj/HIDClassHost.o
 .debug_info    0x0000000000000000       0x56 obj/HIDClassHost.o
 .debug_abbrev  0x0000000000000000       0x26 obj/HIDClassHost.o
 .debug_aranges
                0x0000000000000000       0x18 obj/HIDClassHost.o
 .debug_line    0x0000000000000000       0x1a obj/HIDClassHost.o
 .debug_str     0x0000000000000000      0x1bd obj/HIDClassHost.o
 .comment       0x0000000000000000       0x12 obj/HIDClassHost.o
 .text          0x0000000000000000        0x0 obj/MassStorageClassHost.o
 .data          0x0000000000000000        0x0 obj/MassStorageClassHost.o
 .bss           0x0000000000000000        0x0 obj/MassStorageClassHost.o
 .debug_info    0x0000000000000000       0x56 obj/MassStorageClassHost.o
 .debug_abbrev  0x0000000000000000       0x26 obj/MassStorageClassHost.o
 .debug_aranges
                0x0000000000000000       0x18 obj/MassStorageClassHost.o
 .debug_line    0x0000000000000000       0x1a obj/MassStorageClassHost.o
 .debug_str     0x0000000000000000      0x1c5 obj/MassStorageClassHost.o
 .comment       0x0000000000000000       0x12 obj/MassStorageClassHost.o
 .text          0x0000000000000000        0x0 obj/MIDIClassHost.o
 .data          0x0000000000000000        0x0 obj/MIDIClassHost.o
 .bss           0x0000000000000000        0x0 obj/MIDIClassHost.o
 .debug_info    0x0000000000000000       0x56 obj/MIDIClassHost.o
 .debug_abbrev  0x0000000000000000       0x26 obj/MIDIClassHost.o
 .debug_aranges
                0x0000000000000000       0x18 obj/MIDIClassHost.o
 .debug_line    0x0000000000000000       0x1a obj/MIDIClassHost.o
 .debug_str     0x0000000000000000      0x1be obj/MIDIClassHost.o
 .comment       0x0000000000000000       0x12 obj/MIDIClassHost.o
 .text          0x0000000000000000        0x0 obj/PrinterClassHost.o
 .data          0x0000000000000000        0x0 obj/PrinterClassHost.o
 .bss           0x0000000000000000        0x0 obj/PrinterClassHost.o
 .debug_info    0x0000000000000000       0x56 obj/PrinterClassHost.o
 .debug_abbrev  0x0000000000000000       0x26 obj/PrinterClassHost.o
 .debug_aranges
                0x0000000000000000       0x18 obj/PrinterClassHost.o
 .debug_line    0x0000000000000000       0x1a obj/PrinterClassHost.o
 .debug_str     0x0000000000000000      0x1c1 obj/PrinterClassHost.o
 .comment       0x0000000000000000       0x12 obj/PrinterClassHost.o
 .text          0x0000000000000000        0x0 obj/RNDISClassHost.o
 .data          0x0000000000000000        0x0 obj/RNDISClassHost.o
 .bss           0x0000000000000000        0x0 obj/RNDISClassHost.o
 .debug_info    0x0000000000000000       0x56 obj/RNDISClassHost.o
 .debug_abbrev  0x0000000000000000       0x26 obj/RNDISClassHost.o
 .debug_aranges
                0x0000000000000000       0x18 obj/RNDISClassHost.o
 .debug_line    0x0000000000000000       0x1a obj/RNDISClassHost.o
 .debug_str     0x0000000000000000      0x1bf obj/RNDISClassHost.o
 .comment       0x0000000000000000       0x12 obj/RNDISClassHost.o
 .text          0x0000000000000000        0x0 obj/StillImageClassHost.o
 .data          0x0000000000000000        0x0 obj/StillImageClassHost.o
 .bss           0x0000000000000000        0x0 obj/StillImageClassHost.o
 .debug_info    0x0000000000000000       0x56 obj/StillImageClassHost.o
 .debug_abbrev  0x0000000000000000       0x26 obj/StillImageClassHost.o
 .debug_aranges
                0x0000000000000000       0x18 obj/StillImageClassHost.o
 .debug_line    0x0000000000000000       0x1a obj/StillImageClassHost.o
 .debug_str     0x0000000000000000      0x1c4 obj/StillImageClassHost.o
 .comment       0x0000000000000000       0x12 obj/StillImageClassHost.o
 .text          0x0000000000000000        0x0 /usr/lib/gcc/avr/4.9.2/avr35/libgcc.a(_mulhi3.o)
 .data          0x0000000000000000        0x0 /usr/lib/gcc/avr/4.9.2/avr35/libgcc.a(_mulhi3.o)
 .bss           0x0000000000000000        0x0 /usr/lib/gcc/avr/4.9.2/avr35/libgcc.a(_mulhi3.o)
 .text.libgcc.mul
                0x0000000000000000       0x22 /usr/lib/gcc/avr/4.9.2/avr35/libgcc.a(_mulhi3.o)
 .text.libgcc.div
                0x0000000000000000        0x0 /usr/lib/gcc/avr/4.9.2/avr35/libgcc.a(_mulhi3.o)
 .text.libgcc   0x0000000000000000        0x0 /usr/lib/gcc/avr/4.9.2/avr35/libgcc.a(_mulhi3.o)
 .text.libgcc.prologue
                0x0000000000000000        0x0 /usr/lib/gcc/avr/4.9.2/avr35/libgcc.a(_mulhi3.o)
 .text.libgcc.builtins
                0x0000000000000000        0x0 /usr/lib/gcc/avr/4.9.2/avr35/libgcc.a(_mulhi3.o)
 .text.libgcc.fmul
                0x0000000000000000        0x0 /usr/lib/gcc/avr/4.9.2/avr35/libgcc.a(_mulhi3.o)
 .text.libgcc.fixed
                0x0000000000000000        0x0 /usr/lib/gcc/avr/4.9.2/avr35/libgcc.a(_mulhi3.o)
 .text          0x0000000000000000        0x0 /usr/lib/gcc/avr/4.9.2/avr35/libgcc.a(_udivmodsi4.o)
 .data          0x0000000000000000        0x0 /usr/lib/gcc/avr/4.9.2/avr35/libgcc.a(_udivmodsi4.o)
 .bss           0x0000000000000000        0x0 /usr/lib/gcc/avr/4.9.2/avr35/libgcc.a(_udivmodsi4.o)
 .text.libgcc.mul
                0x0000000000000000        0x0 /usr/lib/gcc/avr/4.9.2/avr35/libgcc.a(_udivmodsi4.o)
 .text.libgcc   0x0000000000000000        0x0 /usr/lib/gcc/avr/4.9.2/avr35/libgcc.a(_udivmodsi4.o)
 .text.libgcc.prologue
                0x0000000000000000        0x0 /usr/lib/gcc/avr/4.9.2/avr35/libgcc.a(_udivmodsi4.o)
 .text.libgcc.builtins
                0x0000000000000000        0x0 /usr/lib/gcc/avr/4.9.2/avr35/libgcc.a(_udivmodsi4.o)
 .text.libgcc.fmul
                0x0000000000000000        0x0 /usr/lib/gcc/avr/4.9.2/avr35/libgcc.a(_udivmodsi4.o)
 .text.libgcc.fixed
                0x0000000000000000        0x0 /usr/lib/gcc/avr/4.9.2/avr35/libgcc.a(_udivmodsi4.o)
 .text          0x0000000000000000        0x0 /usr/lib/gcc/avr/4.9.2/avr35/libgcc.a(_exit.o)
 .data          0x0000000000000000        0x0 /usr/lib/gcc/avr/4.9.2/avr35/libgcc.a(_exit.o)
 .bss           0x0000000000000000        0x0 /usr/lib/gcc/avr/4.9.2/avr35/libgcc.a(_exit.o)
 .text.libgcc.mul
                0x0000000000000000        0x0 /usr/lib/gcc/avr/4.9.2/avr35/libgcc.a(_exit.o)
 .text.libgcc.div
                0x0000000000000000        0x0 /usr/lib/gcc/avr/4.9.2/avr35/libgcc.a(_exit.o)
 .text.libgcc   0x0000000000000000        0x0 /usr/lib/gcc/avr/4.9.2/avr35/libgcc.a(_exit.o)
 .text.libgcc.prologue
                0x0000000000000000        0x0 /usr/lib/gcc/avr/4.9.2/avr35/libgcc.a(_exit.o)
 .text.libgcc.builtins
                0x0000000000000000        0x0 /usr/lib/gcc/avr/4.9.2/avr35/libgcc.a(_exit.o)
 .text.libgcc.fmul
                0x0000000000000000        0x0 /usr/lib/gcc/avr/4.9.2/avr35/libgcc.a(_exit.o)
 .text.libgcc.fixed
                0x0000000000000000        0x0 /usr/lib/gcc/avr/4.9.2/avr35/libgcc.a(_exit.o)
 .text          0x0000000000000000        0x0 /usr/lib/gcc/avr/4.9.2/avr35/libgcc.a(_copy_data.o)
 .data          0x0000000000000000        0x0 /usr/lib/gcc/avr/4.9.2/avr35/libgcc.a(_copy_data.o)
 .bss           0x0000000000000000        0x0 /usr/lib/gcc/avr/4.9.2/avr35/libgcc.a(_copy_data.o)
 .text.libgcc.mul
                0x0000000000000000        0x0 /usr/lib/gcc/avr/4.9.2/avr35/libgcc.a(_copy_data.o)
 .text.libgcc.div
                0x0000000000000000        0x0 /usr/lib/gcc/avr/4.9.2/avr35/libgcc.a(_copy_data.o)
 .text.libgcc   0x0000000000000000        0x0 /usr/lib/gcc/avr/4.9.2/avr35/libgcc.a(_copy_data.o)
 .text.libgcc.prologue
                0x0000000000000000        0x0 /usr/lib/gcc/avr/4.9.2/avr35/libgcc.a(_copy_data.o)
 .text.libgcc.builtins
                0x0000000000000000        0x0 /usr/lib/gcc/avr/4.9.2/avr35/libgcc.a(_copy_data.o)
 .text.libgcc.fmul
                0x0000000000000000        0x0 /usr/lib/gcc/avr/4.9.2/avr35/libgcc.a(_copy_data.o)
 .text.libgcc.fixed
                0x0000000000000000        0x0 /usr/lib/gcc/avr/4.9.2/avr35/libgcc.a(_copy_data.o)
 .text          0x0000000000000000        0x0 /usr/lib/gcc/avr/4.9.2/avr35/libgcc.a(_clear_bss.o)
 .data          0x0000000000000000        0x0 /usr/lib/gcc/avr/4.9.2/avr35/libgcc.a(_clear_bss.o)
 .bss           0x0000000000000000        0x0 /usr/lib/gcc/avr/4.9.2/avr35/libgcc.a(_clear_bss.o)
 .text.libgcc.mul
                0x0000000000000000        0x0 /usr/lib/gcc/avr/4.9.2/avr35/libgcc.a(_clear_bss.o)
 .text.libgcc.div
                0x0000000000000000        0x0 /usr/lib/gcc/avr/4.9.2/avr35/libgcc.a(_clear_bss.o)
 .text.libgcc   0x0000000000000000        0x0 /usr/lib/gcc/avr/4.9.2/avr35/libgcc.a(_clear_bss.o)
 .text.libgcc.prologue
                0x0000000000000000        0x0 /usr/lib/gcc/avr/4.9.2/avr35/libgcc.a(_clear_bss.o)
 .text.libgcc.builtins
                0x0000000000000000        0x0 /usr/lib/gcc/avr/4.9.2/avr35/libgcc.a(_clear_bss.o)
 .text.libgcc.fmul
                0x0000000000000000        0x0 /usr/lib/gcc/avr/4.9.2/avr35/libgcc.a(_clear_bss.o)
 .text.libgcc.fixed
                0x0000000000000000        0x0 /usr/lib/gcc/avr/4.9.2/avr35/libgcc.a(_clear_bss.o)
 .text          0x0000000000000000        0x0 /usr/lib/gcc/avr/4.9.2/../../../avr/lib/avr35/libc.a(memcpy_P.o)
 .data          0x0000000000000000        0x0 /usr/lib/gcc/avr/4.9.2/../../../avr/lib/avr35/libc.a(memcpy_P.o)
 .bss           0x0000000000000000        0x0 /usr/lib/gcc/avr/4.9.2/../../../avr/lib/avr35/libc.a(memcpy_P.o)
 .text.avr-libc
                0x0000000000000000       0x12 /usr/lib/gcc/avr/4.9.2/../../../avr/lib/avr35/libc.a(memcpy_P.o)
 .text          0x0000000000000000        0x0 /usr/lib/gcc/avr/4.9.2/../../../avr/lib/avr35/libc.a(strlen_P.o)
 .data          0x0000000000000000        0x0 /usr/lib/gcc/avr/4.9.2/../../../avr/lib/avr35/libc.a(strlen_P.o)
 .bss           0x0000000000000000        0x0 /usr/lib/gcc/avr/4.9.2/../../../avr/lib/avr35/libc.a(strlen_P.o)
 .text.avr-libc
                0x0000000000000000       0x12 /usr/lib/gcc/avr/4.9.2/../../../avr/lib/avr35/libc.a(strlen_P.o)
 .text          0x0000000000000000        0x0 /usr/lib/gcc/avr/4.9.2/../../../avr/lib/avr35/libc.a(memcmp.o)
 .data          0x0000000000000000        0x0 /usr/lib/gcc/avr/4.9.2/../../../avr/lib/avr35/libc.a(memcmp.o)
 .bss           0x0000000000000000        0x0 /usr/lib/gcc/avr/4.9.2/../../../avr/lib/avr35/libc.a(memcmp.o)
 .text.avr-libc
                0x0000000000000000       0x1a /usr/lib/gcc/avr/4.9.2/../../../avr/lib/avr35/libc.a(memcmp.o)
 .text          0x0000000000000000        0x0 /usr/lib/gcc/avr/4.9.2/../../../avr/lib/avr35/libc.a(memcpy.o)
 .data          0x0000000000000000        0x0 /usr/lib/gcc/avr/4.9.2/../../../avr/lib/avr35/libc.a(memcpy.o)
 .bss           0x0000000000000000        0x0 /usr/lib/gcc/avr/4.9.2/../../../avr/lib/avr35/libc.a(memcpy.o)
 .text.avr-libc
                0x0000000000000000       0x12 /usr/lib/gcc/avr/4.9.2/../../../avr/lib/avr35/libc.a(memcpy.o)
 .text          0x0000000000000000        0x0 /usr/lib/gcc/avr/4.9.2/../../../avr/lib/avr35/libc.a(memset.o)
 .data          0x0000000000000000        0x0 /usr/lib/gcc/avr/4.9.2/../../../avr/lib/avr35/libc.a(memset.o)
 .bss           0x0000000000000000        0x0 /usr/lib/gcc/avr/4.9.2/../../../avr/lib/avr35/libc.a(memset.o)
 .text.avr-libc
                0x0000000000000000        0xe /usr/lib/gcc/avr/4.9.2/../../../avr/lib/avr35/libc.a(memset.o)
 .text          0x0000000000000000        0x0 /usr/lib/gcc/avr/4.9.2/../../../avr/lib/avr35/libatmega16u2.a(eerd_byte.o)
 .data          0x0000000000000000        0x0 /usr/lib/gcc/avr/4.9.2/../../../avr/lib/avr35/libatmega16u2.a(eerd_byte.o)
 .bss           0x0000000000000000        0x0 /usr/lib/gcc/avr/4.9.2/../../../avr/lib/avr35/libatmega16u2.a(eerd_byte.o)
 .text.avr-libc
                0x0000000000000000       0x10 /usr/lib/gcc/avr/4.9.2/../../../avr/lib/avr35/libatmega16u2.a(eerd_byte.o)
 .text          0x0000000000000000        0x0 /usr/lib/gcc/avr/4.9.2/../../../avr/lib/avr35/libatmega16u2.a(eeupd_byte.o)
 .data          0x0000000000000000        0x0 /usr/lib/gcc/avr/4.9.2/../../../avr/lib/avr35/libatmega16u2.a(eeupd_byte.o)
 .bss           0x0000000000000000        0x0 /usr/lib/gcc/avr/4.9.2/../../../avr/lib/avr35/libatmega16u2.a(eeupd_byte.o)
 .text.avr-libc
                0x0000000000000000       0x24 /usr/lib/gcc/avr/4.9.2/../../../avr/lib/avr35/libatmega16u2.a(eeupd_byte.o)

Memory Configuration

Name             Origin             Length             Attributes
text             0x0000000000000000 0x0000000000010000 xr
data             0x0000000000800060 0x000000000000ffa0 rw !x
eeprom           0x0000000000810000 0x0000000000010000 rw !x
fuse             0x0000000000820000 0x0000000000000400 rw !x
lock             0x0000000000830000 0x0000000000000400 rw !x
signature        0x0000000000840000 0x0000000000000400 rw !x
user_signatures  0x0000000000850000 0x0000000000000400 rw !x
*default*        0x0000000000000000 0xffffffffffffffff

Linker script and memory map

Address of section .data set to 0x800100
LOAD /usr/lib/gcc/avr/4.9.2/../../../avr/lib/avr35/crtatmega16u2.o
LOAD obj/USBtoSerial.o
LOAD obj/Descriptors.o
LOAD obj/HIDParser.o
LOAD obj/Device_AVR8.o
LOAD obj/EndpointStream_AVR8.o
LOAD obj/Endpoint_AVR8.o
LOAD obj/Host_AVR8.o
LOAD obj/PipeStream_AVR8.o
LOAD obj/Pipe_AVR8.o
LOAD obj/USBController_AVR8.o
LOAD obj/USBInterrupt_AVR8.o
LOAD obj/ConfigDescriptors.o
LOAD obj/DeviceStandardReq.o
LOAD obj/Events.o
LOAD obj/HostStandardReq.o
LOAD obj/USBTask.o
LOAD obj/AudioClassDevice.o
LOAD obj/CDCClassDevice.o
LOAD obj/HIDClassDevice.o
LOAD obj/MassStorageClassDevice.o
LOAD obj/MIDIClassDevice.o
LOAD obj/PrinterClassDevice.o
LOAD obj/RNDISClassDevice.o
LOAD obj/AndroidAccessoryClassHost.o
LOAD obj/AudioClassHost.o
LOAD obj/CDCClassHost.o
LOAD obj/HIDClassHost.o
LOAD obj/MassStorageClassHost.o
LOAD obj/MIDIClassHost.o
LOAD obj/PrinterClassHost.o
LOAD obj/RNDISClassHost.o
LOAD obj/StillImageClassHost.o
LOAD /usr/lib/gcc/avr/4.9.2/../../../avr/lib/avr35/libm.a
START GROUP
LOAD /usr/lib/gcc/avr/4.9.2/avr35/libgcc.a
LOAD /usr/lib/gcc/avr/4.9.2/../../../avr/lib/avr35/libm.a
LOAD /usr/lib/gcc/avr/4.9.2/../../../avr/lib/avr35/libc.a
LOAD /usr/lib/gcc/avr/4.9.2/../../../avr/lib/avr35/libatmega16u2.a
END GROUP

.hash
 *(.hash)

.dynsym
 *(.dynsym)

.dynstr
 *(.dynstr)

.gnu.version
 *(.gnu.version)

.gnu.version_d
 *(.gnu.version_d)

.gnu.version_r
 *(.gnu.version_r)

.rel.init
 *(.rel.init)

.rela.init
 *(.rela.init)

.rel.text
 *(.rel.text)
 *(.rel.text.*)
 *(.rel.gnu.linkonce.t*)

.rela.text
 *(.rela.text)
 *(.rela.text.*)
 *(.rela.gnu.linkonce.t*)

.rel.fini
 *(.rel.fini)

.rela.fini
 *(.rela.fini)

.rel.rodata
 *(.rel.rodata)
 *(.rel.rodata.*)
 *(.rel.gnu.linkonce.r*)

.rela.rodata
 *(.rela.rodata)
 *(.rela.rodata.*)
 *(.rela.gnu.linkonce.r*)

.rel.data
 *(.rel.data)
 *(.rel.data.*)
 *(.rel.gnu.linkonce.d*)

.rela.data
 *(.rela.data)
 *(.rela.data.*)
 *(.rela.gnu.linkonce.d*)

.rel.ctors
 *(.rel.ctors)

.rela.ctors
 *(.rela.ctors)

.rel.dtors
 *(.rel.dtors)

.rela.dtors
 *(.rela.dtors)

.rel.got
 *(.rel.got)

.rela.got
 *(.rela.got)

.rel.bss
 *(.rel.bss)

.rela.bss
 *(.rela.bss)

.rel.plt
 *(.rel.plt)

.rela.plt
 *(.rela.plt)

.text           0x0000000000000000      0xff4
 *(.vectors)
 .vectors       0x0000000000000000       0x74 /usr/lib/gcc/avr/4.9.2/../../../avr/lib/avr35/crtatmega16u2.o
                0x0000000000000000                __vectors
                0x0000000000000000                __vector_default
 *(.vectors)
 *(.progmem.gcc*)
                0x0000000000000074                . = ALIGN (0x2)
                0x0000000000000074                __trampolines_start = .
 *(.trampolines)
 .trampolines   0x0000000000000074        0x0 linker stubs
 *(.trampolines*)
                0x0000000000000074                __trampolines_end = .
 *(.progmem*)
 .progmem.data  0x0000000000000074       0x9e obj/Descriptors.o
                0x0000000000000074                ProductString
                0x00000000000000a4                ManufacturerString
                0x00000000000000be                LanguageString
                0x00000000000000c2                ConfigurationDescriptor
                0x0000000000000100                DeviceDescriptor
                0x0000000000000112                . = ALIGN (0x2)
 *(.jumptables)
 *(.jumptables*)
 *(.lowtext)
 *(.lowtext*)
                0x0000000000000112                __ctors_start = .
 *(.ctors)
                0x0000000000000112                __ctors_end = .
                0x0000000000000112                __dtors_start = .
 *(.dtors)
                0x0000000000000112                __dtors_end = .
 SORT(*)(.ctors)
 SORT(*)(.dtors)
 *(.init0)
 .init0         0x0000000000000112        0x0 /usr/lib/gcc/avr/4.9.2/../../../avr/lib/avr35/crtatmega16u2.o
                0x0000000000000112                __init
 *(.init0)
 *(.init1)
 *(.init1)
 *(.init2)
 .init2         0x0000000000000112        0xc /usr/lib/gcc/avr/4.9.2/../../../avr/lib/avr35/crtatmega16u2.o
 *(.init2)
 *(.init3)
 *(.init3)
 *(.init4)
 .init4         0x000000000000011e       0x16 /usr/lib/gcc/avr/4.9.2/avr35/libgcc.a(_copy_data.o)
                0x000000000000011e                __do_copy_data
 .init4         0x0000000000000134       0x10 /usr/lib/gcc/avr/4.9.2/avr35/libgcc.a(_clear_bss.o)
                0x0000000000000134                __do_clear_bss
 *(.init4)
 *(.init5)
 *(.init5)
 *(.init6)
 *(.init6)
 *(.init7)
 *(.init7)
 *(.init8)
 *(.init8)
 *(.init9)
 .init9         0x0000000000000144        0x4 /usr/lib/gcc/avr/4.9.2/../../../avr/lib/avr35/crtatmega16u2.o
 *(.init9)
 *(.text)
 .text          0x0000000000000148        0x2 /usr/lib/gcc/avr/4.9.2/../../../avr/lib/avr35/crtatmega16u2.o
                0x0000000000000148                __vector_22
                0x0000000000000148                __vector_28
                0x0000000000000148                __vector_1
                0x0000000000000148                __vector_24
                0x0000000000000148                __bad_interrupt
                0x0000000000000148                __vector_6
                0x0000000000000148                __vector_3
                0x0000000000000148                __vector_25
                0x0000000000000148                __vector_13
                0x0000000000000148                __vector_17
                0x0000000000000148                __vector_19
                0x0000000000000148                __vector_7
                0x0000000000000148                __vector_27
                0x0000000000000148                __vector_5
                0x0000000000000148                __vector_4
                0x0000000000000148                __vector_9
                0x0000000000000148                __vector_2
                0x0000000000000148                __vector_21
                0x0000000000000148                __vector_15
                0x0000000000000148                __vector_8
                0x0000000000000148                __vector_26
                0x0000000000000148                __vector_14
                0x0000000000000148                __vector_10
                0x0000000000000148                __vector_16
                0x0000000000000148                __vector_18
                0x0000000000000148                __vector_20
                0x000000000000014a                . = ALIGN (0x2)
 *(.text.*)
 .text.LEDs_SetAllLEDs
                0x000000000000014a        0xc obj/USBtoSerial.o
 .text.RingBuffer_Insert
                0x0000000000000156       0x36 obj/USBtoSerial.o
 .text.RingBuffer_Remove
                0x000000000000018c       0x32 obj/USBtoSerial.o
 .text.SetupHardware
                0x00000000000001be       0x3c obj/USBtoSerial.o
                0x00000000000001be                SetupHardware
 .text.startup.main
                0x00000000000001fa      0x118 obj/USBtoSerial.o
                0x00000000000001fa                main
 .text.EVENT_USB_Device_Connect
                0x0000000000000312        0x4 obj/USBtoSerial.o
                0x0000000000000312                EVENT_USB_Device_Connect
 .text.EVENT_USB_Device_Disconnect
                0x0000000000000316        0x4 obj/USBtoSerial.o
                0x0000000000000316                EVENT_USB_Device_Disconnect
 .text.EVENT_USB_Device_ConfigurationChanged
                0x000000000000031a       0x12 obj/USBtoSerial.o
                0x000000000000031a                EVENT_USB_Device_ConfigurationChanged
 .text.EVENT_USB_Device_ControlRequest
                0x000000000000032c        0x6 obj/USBtoSerial.o
                0x000000000000032c                EVENT_USB_Device_ControlRequest
 .text.__vector_23
                0x0000000000000332       0x70 obj/USBtoSerial.o
                0x0000000000000332                __vector_23
 .text.EVENT_CDC_Device_LineEncodingChanged
                0x00000000000003a2       0x8a obj/USBtoSerial.o
                0x00000000000003a2                EVENT_CDC_Device_LineEncodingChanged
 .text.CALLBACK_USB_GetDescriptor
                0x000000000000042c       0x64 obj/Descriptors.o
                0x000000000000042c                CALLBACK_USB_GetDescriptor
 .text.Endpoint_Write_Control_Stream_LE
                0x0000000000000490       0xb8 obj/EndpointStream_AVR8.o
                0x0000000000000490                Endpoint_Write_Control_Stream_LE
 .text.Endpoint_Write_Control_PStream_LE
                0x0000000000000548       0xb4 obj/EndpointStream_AVR8.o
                0x0000000000000548                Endpoint_Write_Control_PStream_LE
 .text.Endpoint_ConfigureEndpoint_Prv
                0x00000000000005fc       0x6a obj/Endpoint_AVR8.o
                0x00000000000005fc                Endpoint_ConfigureEndpoint_Prv
 .text.Endpoint_ConfigureEndpointTable
                0x0000000000000666       0x92 obj/Endpoint_AVR8.o
                0x0000000000000666                Endpoint_ConfigureEndpointTable
 .text.Endpoint_ClearStatusStage
                0x00000000000006f8       0x3a obj/Endpoint_AVR8.o
                0x00000000000006f8                Endpoint_ClearStatusStage
 .text.Endpoint_WaitUntilReady
                0x0000000000000732       0x62 obj/Endpoint_AVR8.o
                0x0000000000000732                Endpoint_WaitUntilReady
 .text.USB_ResetInterface
                0x0000000000000794       0x70 obj/USBController_AVR8.o
                0x0000000000000794                USB_ResetInterface
 .text.USB_Init
                0x0000000000000804       0x12 obj/USBController_AVR8.o
                0x0000000000000804                USB_Init
 .text.USB_INT_DisableAllInterrupts
                0x0000000000000816        0x6 obj/USBInterrupt_AVR8.o
                0x0000000000000816                USB_INT_DisableAllInterrupts
 .text.USB_INT_ClearAllInterrupts
                0x000000000000081c        0x6 obj/USBInterrupt_AVR8.o
                0x000000000000081c                USB_INT_ClearAllInterrupts
 .text.__vector_11
                0x0000000000000822      0x14c obj/USBInterrupt_AVR8.o
                0x0000000000000822                __vector_11
 .text.__vector_12
                0x000000000000096e       0x86 obj/USBInterrupt_AVR8.o
                0x000000000000096e                __vector_12
 .text.USB_Device_ProcessControlRequest
                0x00000000000009f4      0x2b2 obj/DeviceStandardReq.o
                0x00000000000009f4                USB_Device_ProcessControlRequest
 .text.USB_Event_Stub
                0x0000000000000ca6        0x2 obj/Events.o
                0x0000000000000ca6                EVENT_USB_Device_WakeUp
                0x0000000000000ca6                USB_Event_Stub
                0x0000000000000ca6                EVENT_USB_Device_Suspend
                0x0000000000000ca6                EVENT_USB_Device_StartOfFrame
                0x0000000000000ca6                EVENT_USB_Device_Reset
 .text.USB_USBTask
                0x0000000000000ca8       0x32 obj/USBTask.o
                0x0000000000000ca8                USB_USBTask
 .text.CDC_Device_ConfigureEndpoints
                0x0000000000000cda       0x4a obj/CDCClassDevice.o
                0x0000000000000cda                CDC_Device_ConfigureEndpoints
 .text.CDC_Device_SendByte
                0x0000000000000d24       0x54 obj/CDCClassDevice.o
                0x0000000000000d24                CDC_Device_SendByte
 .text.CDC_Device_Flush
                0x0000000000000d78       0x52 obj/CDCClassDevice.o
                0x0000000000000d78                CDC_Device_Flush
 .text.CDC_Device_USBTask
                0x0000000000000dca       0x2a obj/CDCClassDevice.o
                0x0000000000000dca                CDC_Device_USBTask
 .text.CDC_Device_ReceiveByte
                0x0000000000000df4       0x58 obj/CDCClassDevice.o
                0x0000000000000df4                CDC_Device_ReceiveByte
 .text.CDC_Device_Event_Stub
                0x0000000000000e4c        0x2 obj/CDCClassDevice.o
                0x0000000000000e4c                EVENT_CDC_Device_ControLineStateChanged
                0x0000000000000e4c                EVENT_CDC_Device_BreakSent
                0x0000000000000e4c                CDC_Device_Event_Stub
 .text.CDC_Device_ProcessControlRequest
                0x0000000000000e4e      0x15e obj/CDCClassDevice.o
                0x0000000000000e4e                CDC_Device_ProcessControlRequest
 .text.libgcc.div
                0x0000000000000fac       0x44 /usr/lib/gcc/avr/4.9.2/avr35/libgcc.a(_udivmodsi4.o)
                0x0000000000000fac                __udivmodsi4
                0x0000000000000ff0                . = ALIGN (0x2)
 *(.fini9)
 .fini9         0x0000000000000ff0        0x0 /usr/lib/gcc/avr/4.9.2/avr35/libgcc.a(_exit.o)
                0x0000000000000ff0                exit
                0x0000000000000ff0                _exit
 *(.fini9)
 *(.fini8)
 *(.fini8)
 *(.fini7)
 *(.fini7)
 *(.fini6)
 *(.fini6)
 *(.fini5)
 *(.fini5)
 *(.fini4)
 *(.fini4)
 *(.fini3)
 *(.fini3)
 *(.fini2)
 *(.fini2)
 *(.fini1)
 *(.fini1)
 *(.fini0)
 .fini0         0x0000000000000ff0        0x4 /usr/lib/gcc/avr/4.9.2/avr35/libgcc.a(_exit.o)
 *(.fini0)
                0x0000000000000ff4                _etext = .

.data           0x0000000000800100       0x1c load address 0x0000000000000ff4
                0x0000000000800100                PROVIDE (__data_start, .)
 *(.data)
 .data          0x0000000000800100       0x1b obj/USBtoSerial.o
                0x0000000000800100                VirtualSerial_CDC_Interface
 *(.data*)
 *(.rodata)
 *(.rodata*)
 *(.gnu.linkonce.d*)
                0x000000000080011c                . = ALIGN (0x2)
 *fill*         0x000000000080011b        0x1 
                0x000000000080011c                _edata = .
                0x000000000080011c                PROVIDE (__data_end, .)

.bss            0x000000000080011c      0x124
                0x000000000080011c                PROVIDE (__bss_start, .)
 *(.bss)
 .bss           0x000000000080011c      0x118 obj/USBtoSerial.o
 *(.bss*)
 *(COMMON)
 COMMON         0x0000000000800234        0x3 obj/DeviceStandardReq.o
                0x0000000000800234                USB_Device_ConfigurationNumber
                0x0000000000800235                USB_Device_CurrentlySelfPowered
                0x0000000000800236                USB_Device_RemoteWakeupEnabled
 COMMON         0x0000000000800237        0x9 obj/USBTask.o
                0x0000000000800237                USB_IsInitialized
                0x0000000000800238                USB_ControlRequest
                0x0000000000800240                PROVIDE (__bss_end, .)
                0x0000000000000ff4                __data_load_start = LOADADDR (.data)
                0x0000000000001010                __data_load_end = (__data_load_start + SIZEOF (.data))

.noinit         0x0000000000800240        0x0
                0x0000000000800240                PROVIDE (__noinit_start, .)
 *(.noinit*)
                0x0000000000800240                PROVIDE (__noinit_end, .)
                0x0000000000800240                _end = .
                0x0000000000800240                PROVIDE (__heap_start, .)

.eeprom         0x0000000000810000        0x0
 *(.eeprom*)
                0x0000000000810000                __eeprom_end = .

.fuse
 *(.fuse)
 *(.lfuse)
 *(.hfuse)
 *(.efuse)

.lock
 *(.lock*)

.signature
 *(.signature*)

.user_signatures
 *(.user_signatures*)

.stab
 *(.stab)

.stabstr
 *(.stabstr)

.stab.excl
 *(.stab.excl)

.stab.exclstr
 *(.stab.exclstr)

.stab.index
 *(.stab.index)

.stab.indexstr
 *(.stab.indexstr)

.comment        0x0000000000000000       0x11
 *(.comment)
 .comment       0x0000000000000000       0x11 obj/USBtoSerial.o
                                         0x12 (size before relaxing)
 .comment       0x0000000000000011       0x12 obj/Descriptors.o
 .comment       0x0000000000000011       0x12 obj/EndpointStream_AVR8.o
 .comment       0x0000000000000011       0x12 obj/Endpoint_AVR8.o
 .comment       0x0000000000000011       0x12 obj/USBController_AVR8.o
 .comment       0x0000000000000011       0x12 obj/USBInterrupt_AVR8.o
 .comment       0x0000000000000011       0x12 obj/DeviceStandardReq.o
 .comment       0x0000000000000011       0x12 obj/Events.o
 .comment       0x0000000000000011       0x12 obj/USBTask.o
 .comment       0x0000000000000011       0x12 obj/CDCClassDevice.o

.note.gnu.avr.deviceinfo
                0x0000000000000000       0x40
 .note.gnu.avr.deviceinfo
                0x0000000000000000       0x40 /usr/lib/gcc/avr/4.9.2/../../../avr/lib/avr35/crtatmega16u2.o

.note.gnu.build-id
 *(.note.gnu.build-id)

.debug
 *(.debug)

.line
 *(.line)

.debug_srcinfo
 *(.debug_srcinfo)

.debug_sfnames
 *(.debug_sfnames)

.debug_aranges  0x0000000000000000      0x308
 *(.debug_aranges)
 .debug_aranges
                0x0000000000000000       0x70 obj/USBtoSerial.o
 .debug_aranges
                0x0000000000000070       0x20 obj/Descriptors.o
 .debug_aranges
                0x0000000000000090       0xc8 obj/EndpointStream_AVR8.o
 .debug_aranges
                0x0000000000000158       0x40 obj/Endpoint_AVR8.o
 .debug_aranges
                0x0000000000000198       0x30 obj/USBController_AVR8.o
 .debug_aranges
                0x00000000000001c8       0x38 obj/USBInterrupt_AVR8.o
 .debug_aranges
                0x0000000000000200       0x20 obj/DeviceStandardReq.o
 .debug_aranges
                0x0000000000000220       0x20 obj/Events.o
 .debug_aranges
                0x0000000000000240       0x20 obj/USBTask.o
 .debug_aranges
                0x0000000000000260       0xa8 obj/CDCClassDevice.o

.debug_pubnames
 *(.debug_pubnames)

.debug_info     0x0000000000000000     0x5bcc
 *(.debug_info .gnu.linkonce.wi.*)
 .debug_info    0x0000000000000000      0xdeb obj/USBtoSerial.o
 .debug_info    0x0000000000000deb      0x779 obj/Descriptors.o
 .debug_info    0x0000000000001564     0x17c4 obj/EndpointStream_AVR8.o
 .debug_info    0x0000000000002d28      0x602 obj/Endpoint_AVR8.o
 .debug_info    0x000000000000332a      0x458 obj/USBController_AVR8.o
 .debug_info    0x0000000000003782      0x6fa obj/USBInterrupt_AVR8.o
 .debug_info    0x0000000000003e7c      0xa66 obj/DeviceStandardReq.o
 .debug_info    0x00000000000048e2       0x78 obj/Events.o
 .debug_info    0x000000000000495a      0x254 obj/USBTask.o
 .debug_info    0x0000000000004bae     0x101e obj/CDCClassDevice.o

.debug_abbrev   0x0000000000000000     0x158c
 *(.debug_abbrev)
 .debug_abbrev  0x0000000000000000      0x3dc obj/USBtoSerial.o
 .debug_abbrev  0x00000000000003dc      0x136 obj/Descriptors.o
 .debug_abbrev  0x0000000000000512      0x1fd obj/EndpointStream_AVR8.o
 .debug_abbrev  0x000000000000070f      0x20c obj/Endpoint_AVR8.o
 .debug_abbrev  0x000000000000091b      0x18d obj/USBController_AVR8.o
 .debug_abbrev  0x0000000000000aa8      0x237 obj/USBInterrupt_AVR8.o
 .debug_abbrev  0x0000000000000cdf      0x2c2 obj/DeviceStandardReq.o
 .debug_abbrev  0x0000000000000fa1       0x44 obj/Events.o
 .debug_abbrev  0x0000000000000fe5      0x168 obj/USBTask.o
 .debug_abbrev  0x000000000000114d      0x43f obj/CDCClassDevice.o

.debug_line     0x0000000000000000     0x3757
 *(.debug_line .debug_line.* .debug_line_end)
 .debug_line    0x0000000000000000      0x808 obj/USBtoSerial.o
 .debug_line    0x0000000000000808      0x189 obj/Descriptors.o
 .debug_line    0x0000000000000991     0x13bc obj/EndpointStream_AVR8.o
 .debug_line    0x0000000000001d4d      0x473 obj/Endpoint_AVR8.o
 .debug_line    0x00000000000021c0      0x296 obj/USBController_AVR8.o
 .debug_line    0x0000000000002456      0x464 obj/USBInterrupt_AVR8.o
 .debug_line    0x00000000000028ba      0x459 obj/DeviceStandardReq.o
 .debug_line    0x0000000000002d13       0x52 obj/Events.o
 .debug_line    0x0000000000002d65      0x154 obj/USBTask.o
 .debug_line    0x0000000000002eb9      0x89e obj/CDCClassDevice.o

.debug_frame    0x0000000000000000      0x8cc
 *(.debug_frame)
 .debug_frame   0x0000000000000000      0x114 obj/USBtoSerial.o
 .debug_frame   0x0000000000000114       0x24 obj/Descriptors.o
 .debug_frame   0x0000000000000138      0x3bc obj/EndpointStream_AVR8.o
 .debug_frame   0x00000000000004f4       0x84 obj/Endpoint_AVR8.o
 .debug_frame   0x0000000000000578       0x44 obj/USBController_AVR8.o
 .debug_frame   0x00000000000005bc       0xec obj/USBInterrupt_AVR8.o
 .debug_frame   0x00000000000006a8       0x3c obj/DeviceStandardReq.o
 .debug_frame   0x00000000000006e4       0x24 obj/Events.o
 .debug_frame   0x0000000000000708       0x2c obj/USBTask.o
 .debug_frame   0x0000000000000734      0x198 obj/CDCClassDevice.o

.debug_str      0x0000000000000000     0x249c
 *(.debug_str)
 .debug_str     0x0000000000000000      0x946 obj/USBtoSerial.o
                                        0x9d3 (size before relaxing)
 .debug_str     0x0000000000000946      0x918 obj/Descriptors.o
                                        0xb68 (size before relaxing)
 .debug_str     0x000000000000125e      0x5ce obj/EndpointStream_AVR8.o
                                        0x86c (size before relaxing)
 .debug_str     0x000000000000182c      0x1fa obj/Endpoint_AVR8.o
                                        0x62c (size before relaxing)
 .debug_str     0x0000000000001a26      0x264 obj/USBController_AVR8.o
                                        0x542 (size before relaxing)
 .debug_str     0x0000000000001c8a      0x131 obj/USBInterrupt_AVR8.o
                                        0x597 (size before relaxing)
 .debug_str     0x0000000000001dbb      0x3ae obj/DeviceStandardReq.o
                                        0x9de (size before relaxing)
 .debug_str     0x0000000000002169       0x34 obj/Events.o
                                        0x1c0 (size before relaxing)
 .debug_str     0x000000000000219d       0x42 obj/USBTask.o
                                        0x391 (size before relaxing)
 .debug_str     0x00000000000021df      0x2bd obj/CDCClassDevice.o
                                        0xa7e (size before relaxing)

.debug_loc      0x0000000000000000     0x3926
 *(.debug_loc)
 .debug_loc     0x0000000000000000      0x406 obj/USBtoSerial.o
 .debug_loc     0x0000000000000406      0x186 obj/Descriptors.o
 .debug_loc     0x000000000000058c     0x1e78 obj/EndpointStream_AVR8.o
 .debug_loc     0x0000000000002404      0x3df obj/Endpoint_AVR8.o
 .debug_loc     0x00000000000027e3      0x33b obj/USBInterrupt_AVR8.o
 .debug_loc     0x0000000000002b1e      0x306 obj/DeviceStandardReq.o
 .debug_loc     0x0000000000002e24       0x49 obj/USBTask.o
 .debug_loc     0x0000000000002e6d      0xab9 obj/CDCClassDevice.o

.debug_macinfo
 *(.debug_macinfo)

.debug_weaknames
 *(.debug_weaknames)

.debug_funcnames
 *(.debug_funcnames)

.debug_typenames
 *(.debug_typenames)

.debug_varnames
 *(.debug_varnames)

.debug_pubtypes
 *(.debug_pubtypes)

.debug_ranges   0x0000000000000000      0x420
 *(.debug_ranges)
 .debug_ranges  0x0000000000000000       0x60 obj/USBtoSerial.o
 .debug_ranges  0x0000000000000060       0x10 obj/Descriptors.o
 .debug_ranges  0x0000000000000070      0x1f8 obj/EndpointStream_AVR8.o
 .debug_ranges  0x0000000000000268       0x78 obj/Endpoint_AVR8.o
 .debug_ranges  0x00000000000002e0       0x20 obj/USBController_AVR8.o
 .debug_ranges  0x0000000000000300       0x40 obj/USBInterrupt_AVR8.o
 .debug_ranges  0x0000000000000340       0x28 obj/DeviceStandardReq.o
 .debug_ranges  0x0000000000000368       0x10 obj/Events.o
 .debug_ranges  0x0000000000000378       0x10 obj/USBTask.o
 .debug_ranges  0x0000000000000388       0x98 obj/CDCClassDevice.o

.debug_macro
 *(.debug_macro)
OUTPUT(USBtoSerial.elf elf32-avr)
LOAD linker stubs

Cross Reference Table

Symbol                                            File
Audio_Device_ConfigureEndpoints                   obj/AudioClassDevice.o
Audio_Device_Event_Stub                           obj/AudioClassDevice.o
Audio_Device_ProcessControlRequest                obj/AudioClassDevice.o
CALLBACK_Audio_Device_GetSetEndpointProperty      obj/AudioClassDevice.o
CALLBACK_Audio_Device_GetSetInterfaceProperty     obj/AudioClassDevice.o
CALLBACK_HIDParser_FilterHIDReportItem            obj/HIDParser.o
CALLBACK_HID_Device_CreateHIDReport               obj/HIDClassDevice.o
CALLBACK_HID_Device_ProcessHIDReport              obj/HIDClassDevice.o
CALLBACK_MS_Device_SCSICommandReceived            obj/MassStorageClassDevice.o
CALLBACK_USB_GetDescriptor                        obj/Descriptors.o
                                                  obj/DeviceStandardReq.o
CDC_Device_BytesReceived                          obj/CDCClassDevice.o
CDC_Device_ConfigureEndpoints                     obj/CDCClassDevice.o
                                                  obj/USBtoSerial.o
CDC_Device_CreateBlockingStream                   obj/CDCClassDevice.o
CDC_Device_CreateStream                           obj/CDCClassDevice.o
CDC_Device_Event_Stub                             obj/CDCClassDevice.o
CDC_Device_Flush                                  obj/CDCClassDevice.o
CDC_Device_ProcessControlRequest                  obj/CDCClassDevice.o
                                                  obj/USBtoSerial.o
CDC_Device_ReceiveByte                            obj/CDCClassDevice.o
                                                  obj/USBtoSerial.o
CDC_Device_SendByte                               obj/CDCClassDevice.o
                                                  obj/USBtoSerial.o
CDC_Device_SendControlLineStateChange             obj/CDCClassDevice.o
CDC_Device_SendData                               obj/CDCClassDevice.o
CDC_Device_SendData_P                             obj/CDCClassDevice.o
CDC_Device_SendString                             obj/CDCClassDevice.o
CDC_Device_SendString_P                           obj/CDCClassDevice.o
CDC_Device_USBTask                                obj/CDCClassDevice.o
                                                  obj/USBtoSerial.o
ConfigurationDescriptor                           obj/Descriptors.o
DeviceDescriptor                                  obj/Descriptors.o
EVENT_Audio_Device_StreamStartStop                obj/AudioClassDevice.o
EVENT_CDC_Device_BreakSent                        obj/CDCClassDevice.o
EVENT_CDC_Device_ControLineStateChanged           obj/CDCClassDevice.o
EVENT_CDC_Device_LineEncodingChanged              obj/USBtoSerial.o
EVENT_PRNT_Device_SoftReset                       obj/PrinterClassDevice.o
EVENT_USB_Device_ConfigurationChanged             obj/USBtoSerial.o
                                                  obj/DeviceStandardReq.o
EVENT_USB_Device_Connect                          obj/USBtoSerial.o
                                                  obj/USBInterrupt_AVR8.o
EVENT_USB_Device_ControlRequest                   obj/USBtoSerial.o
                                                  obj/DeviceStandardReq.o
EVENT_USB_Device_Disconnect                       obj/USBtoSerial.o
                                                  obj/USBInterrupt_AVR8.o
EVENT_USB_Device_Reset                            obj/Events.o
                                                  obj/USBInterrupt_AVR8.o
EVENT_USB_Device_StartOfFrame                     obj/Events.o
                                                  obj/USBInterrupt_AVR8.o
EVENT_USB_Device_Suspend                          obj/Events.o
EVENT_USB_Device_WakeUp                           obj/Events.o
Endpoint_ClearEndpoints                           obj/Endpoint_AVR8.o
Endpoint_ClearStatusStage                         obj/Endpoint_AVR8.o
                                                  obj/PrinterClassDevice.o
                                                  obj/MassStorageClassDevice.o
                                                  obj/HIDClassDevice.o
                                                  obj/CDCClassDevice.o
                                                  obj/AudioClassDevice.o
                                                  obj/DeviceStandardReq.o
Endpoint_ConfigureEndpointTable                   obj/Endpoint_AVR8.o
                                                  obj/RNDISClassDevice.o
                                                  obj/PrinterClassDevice.o
                                                  obj/MIDIClassDevice.o
                                                  obj/MassStorageClassDevice.o
                                                  obj/HIDClassDevice.o
                                                  obj/CDCClassDevice.o
                                                  obj/AudioClassDevice.o
Endpoint_ConfigureEndpoint_Prv                    obj/Endpoint_AVR8.o
                                                  obj/USBInterrupt_AVR8.o
                                                  obj/USBController_AVR8.o
Endpoint_Discard_Stream                           obj/EndpointStream_AVR8.o
Endpoint_Null_Stream                              obj/EndpointStream_AVR8.o
Endpoint_Read_Control_EStream_BE                  obj/EndpointStream_AVR8.o
Endpoint_Read_Control_EStream_LE                  obj/EndpointStream_AVR8.o
Endpoint_Read_Control_Stream_BE                   obj/EndpointStream_AVR8.o
Endpoint_Read_Control_Stream_LE                   obj/EndpointStream_AVR8.o
                                                  obj/RNDISClassDevice.o
                                                  obj/HIDClassDevice.o
                                                  obj/AudioClassDevice.o
Endpoint_Read_EStream_BE                          obj/EndpointStream_AVR8.o
Endpoint_Read_EStream_LE                          obj/EndpointStream_AVR8.o
Endpoint_Read_Stream_BE                           obj/EndpointStream_AVR8.o
Endpoint_Read_Stream_LE                           obj/EndpointStream_AVR8.o
                                                  obj/RNDISClassDevice.o
                                                  obj/MIDIClassDevice.o
                                                  obj/MassStorageClassDevice.o
Endpoint_WaitUntilReady                           obj/Endpoint_AVR8.o
                                                  obj/RNDISClassDevice.o
                                                  obj/PrinterClassDevice.o
                                                  obj/MIDIClassDevice.o
                                                  obj/CDCClassDevice.o
                                                  obj/EndpointStream_AVR8.o
Endpoint_Write_Control_EStream_BE                 obj/EndpointStream_AVR8.o
Endpoint_Write_Control_EStream_LE                 obj/EndpointStream_AVR8.o
Endpoint_Write_Control_PStream_BE                 obj/EndpointStream_AVR8.o
Endpoint_Write_Control_PStream_LE                 obj/EndpointStream_AVR8.o
                                                  obj/DeviceStandardReq.o
Endpoint_Write_Control_Stream_BE                  obj/EndpointStream_AVR8.o
Endpoint_Write_Control_Stream_LE                  obj/EndpointStream_AVR8.o
                                                  obj/RNDISClassDevice.o
                                                  obj/PrinterClassDevice.o
                                                  obj/HIDClassDevice.o
                                                  obj/AudioClassDevice.o
                                                  obj/DeviceStandardReq.o
Endpoint_Write_EStream_BE                         obj/EndpointStream_AVR8.o
Endpoint_Write_EStream_LE                         obj/EndpointStream_AVR8.o
Endpoint_Write_PStream_BE                         obj/EndpointStream_AVR8.o
Endpoint_Write_PStream_LE                         obj/EndpointStream_AVR8.o
                                                  obj/CDCClassDevice.o
Endpoint_Write_Stream_BE                          obj/EndpointStream_AVR8.o
Endpoint_Write_Stream_LE                          obj/EndpointStream_AVR8.o
                                                  obj/RNDISClassDevice.o
                                                  obj/PrinterClassDevice.o
                                                  obj/MIDIClassDevice.o
                                                  obj/MassStorageClassDevice.o
                                                  obj/HIDClassDevice.o
                                                  obj/CDCClassDevice.o
HID_Device_ConfigureEndpoints                     obj/HIDClassDevice.o
HID_Device_ProcessControlRequest                  obj/HIDClassDevice.o
HID_Device_USBTask                                obj/HIDClassDevice.o
LanguageString                                    obj/Descriptors.o
MIDI_Device_ConfigureEndpoints                    obj/MIDIClassDevice.o
MIDI_Device_Flush                                 obj/MIDIClassDevice.o
MIDI_Device_ReceiveEventPacket                    obj/MIDIClassDevice.o
MIDI_Device_SendEventPacket                       obj/MIDIClassDevice.o
MIDI_Device_USBTask                               obj/MIDIClassDevice.o
MS_Device_ConfigureEndpoints                      obj/MassStorageClassDevice.o
MS_Device_ProcessControlRequest                   obj/MassStorageClassDevice.o
MS_Device_USBTask                                 obj/MassStorageClassDevice.o
ManufacturerString                                obj/Descriptors.o
PRNT_Device_BytesReceived                         obj/PrinterClassDevice.o
PRNT_Device_ConfigureEndpoints                    obj/PrinterClassDevice.o
PRNT_Device_CreateBlockingStream                  obj/PrinterClassDevice.o
PRNT_Device_CreateStream                          obj/PrinterClassDevice.o
PRNT_Device_Event_Stub                            obj/PrinterClassDevice.o
PRNT_Device_Flush                                 obj/PrinterClassDevice.o
PRNT_Device_ProcessControlRequest                 obj/PrinterClassDevice.o
PRNT_Device_ReceiveByte                           obj/PrinterClassDevice.o
PRNT_Device_SendByte                              obj/PrinterClassDevice.o
PRNT_Device_SendData                              obj/PrinterClassDevice.o
PRNT_Device_SendString                            obj/PrinterClassDevice.o
PRNT_Device_USBTask                               obj/PrinterClassDevice.o
ProductString                                     obj/Descriptors.o
RNDIS_Device_ConfigureEndpoints                   obj/RNDISClassDevice.o
RNDIS_Device_IsPacketReceived                     obj/RNDISClassDevice.o
RNDIS_Device_ProcessControlRequest                obj/RNDISClassDevice.o
RNDIS_Device_ReadPacket                           obj/RNDISClassDevice.o
RNDIS_Device_SendPacket                           obj/RNDISClassDevice.o
RNDIS_Device_USBTask                              obj/RNDISClassDevice.o
SetupHardware                                     obj/USBtoSerial.o
USB_ControlRequest                                obj/USBTask.o
                                                  obj/RNDISClassDevice.o
                                                  obj/PrinterClassDevice.o
                                                  obj/MassStorageClassDevice.o
                                                  obj/HIDClassDevice.o
                                                  obj/CDCClassDevice.o
                                                  obj/AudioClassDevice.o
                                                  obj/DeviceStandardReq.o
                                                  obj/Endpoint_AVR8.o
                                                  obj/EndpointStream_AVR8.o
USB_Device_ConfigurationNumber                    obj/DeviceStandardReq.o
                                                  obj/USBInterrupt_AVR8.o
                                                  obj/USBController_AVR8.o
USB_Device_CurrentlySelfPowered                   obj/DeviceStandardReq.o
                                                  obj/USBController_AVR8.o
USB_Device_ProcessControlRequest                  obj/DeviceStandardReq.o
                                                  obj/USBTask.o
                                                  obj/USBInterrupt_AVR8.o
USB_Device_RemoteWakeupEnabled                    obj/DeviceStandardReq.o
                                                  obj/USBController_AVR8.o
USB_Device_SendRemoteWakeup                       obj/Device_AVR8.o
USB_Disable                                       obj/USBController_AVR8.o
USB_Event_Stub                                    obj/Events.o
USB_GetHIDReportItemInfo                          obj/HIDParser.o
USB_GetHIDReportSize                              obj/HIDParser.o
USB_GetNextDescriptorComp                         obj/ConfigDescriptors.o
USB_GetNextDescriptorOfType                       obj/ConfigDescriptors.o
USB_GetNextDescriptorOfTypeAfter                  obj/ConfigDescriptors.o
USB_GetNextDescriptorOfTypeBefore                 obj/ConfigDescriptors.o
USB_INT_ClearAllInterrupts                        obj/USBInterrupt_AVR8.o
                                                  obj/USBController_AVR8.o
USB_INT_DisableAllInterrupts                      obj/USBInterrupt_AVR8.o
                                                  obj/USBController_AVR8.o
USB_Init                                          obj/USBController_AVR8.o
                                                  obj/USBtoSerial.o
USB_IsInitialized                                 obj/USBTask.o
                                                  obj/USBController_AVR8.o
USB_ProcessHIDReport                              obj/HIDParser.o
USB_ResetInterface                                obj/USBController_AVR8.o
USB_SetHIDReportItemInfo                          obj/HIDParser.o
USB_USBTask                                       obj/USBTask.o
                                                  obj/PrinterClassDevice.o
                                                  obj/CDCClassDevice.o
                                                  obj/USBtoSerial.o
VirtualSerial_CDC_Interface                       obj/USBtoSerial.o
__bad_interrupt                                   /usr/lib/gcc/avr/4.9.2/../../../avr/lib/avr35/crtatmega16u2.o
__bss_end                                         /usr/lib/gcc/avr/4.9.2/avr35/libgcc.a(_clear_bss.o)
__bss_start                                       /usr/lib/gcc/avr/4.9.2/avr35/libgcc.a(_clear_bss.o)
__data_end                                        /usr/lib/gcc/avr/4.9.2/avr35/libgcc.a(_copy_data.o)
__data_load_start                                 /usr/lib/gcc/avr/4.9.2/avr35/libgcc.a(_copy_data.o)
__data_start                                      /usr/lib/gcc/avr/4.9.2/avr35/libgcc.a(_copy_data.o)
__do_clear_bss                                    /usr/lib/gcc/avr/4.9.2/avr35/libgcc.a(_clear_bss.o)
                                                  obj/USBTask.o
                                                  obj/DeviceStandardReq.o
                                                  obj/USBtoSerial.o
__do_copy_data                                    /usr/lib/gcc/avr/4.9.2/avr35/libgcc.a(_copy_data.o)
                                                  obj/RNDISClassDevice.o
                                                  obj/CDCClassDevice.o
                                                  obj/USBtoSerial.o
__heap_end                                        /usr/lib/gcc/avr/4.9.2/../../../avr/lib/avr35/crtatmega16u2.o
__init                                            /usr/lib/gcc/avr/4.9.2/../../../avr/lib/avr35/crtatmega16u2.o
__mulhi3                                          /usr/lib/gcc/avr/4.9.2/avr35/libgcc.a(_mulhi3.o)
                                                  obj/HIDParser.o
__stack                                           /usr/lib/gcc/avr/4.9.2/../../../avr/lib/avr35/crtatmega16u2.o
__strlen_P                                        /usr/lib/gcc/avr/4.9.2/../../../avr/lib/avr35/libc.a(strlen_P.o)
                                                  obj/CDCClassDevice.o
__udivmodsi4                                      /usr/lib/gcc/avr/4.9.2/avr35/libgcc.a(_udivmodsi4.o)
                                                  obj/USBtoSerial.o
__vector_1                                        /usr/lib/gcc/avr/4.9.2/../../../avr/lib/avr35/crtatmega16u2.o
__vector_10                                       /usr/lib/gcc/avr/4.9.2/../../../avr/lib/avr35/crtatmega16u2.o
__vector_11                                       obj/USBInterrupt_AVR8.o
                                                  /usr/lib/gcc/avr/4.9.2/../../../avr/lib/avr35/crtatmega16u2.o
__vector_12                                       obj/USBInterrupt_AVR8.o
                                                  /usr/lib/gcc/avr/4.9.2/../../../avr/lib/avr35/crtatmega16u2.o
__vector_13                                       /usr/lib/gcc/avr/4.9.2/../../../avr/lib/avr35/crtatmega16u2.o
__vector_14                                       /usr/lib/gcc/avr/4.9.2/../../../avr/lib/avr35/crtatmega16u2.o
__vector_15                                       /usr/lib/gcc/avr/4.9.2/../../../avr/lib/avr35/crtatmega16u2.o
__vector_16                                       /usr/lib/gcc/avr/4.9.2/../../../avr/lib/avr35/crtatmega16u2.o
__vector_17                                       /usr/lib/gcc/avr/4.9.2/../../../avr/lib/avr35/crtatmega16u2.o
__vector_18                                       /usr/lib/gcc/avr/4.9.2/../../../avr/lib/avr35/crtatmega16u2.o
__vector_19                                       /usr/lib/gcc/avr/4.9.2/../../../avr/lib/avr35/crtatmega16u2.o
__vector_2                                        /usr/lib/gcc/avr/4.9.2/../../../avr/lib/avr35/crtatmega16u2.o
__vector_20                                       /usr/lib/gcc/avr/4.9.2/../../../avr/lib/avr35/crtatmega16u2.o
__vector_21                                       /usr/lib/gcc/avr/4.9.2/../../../avr/lib/avr35/crtatmega16u2.o
__vector_22                                       /usr/lib/gcc/avr/4.9.2/../../../avr/lib/avr35/crtatmega16u2.o
__vector_23                                       obj/USBtoSerial.o
                                                  /usr/lib/gcc/avr/4.9.2/../../../avr/lib/avr35/crtatmega16u2.o
__vector_24                                       /usr/lib/gcc/avr/4.9.2/../../../avr/lib/avr35/crtatmega16u2.o
__vector_25                                       /usr/lib/gcc/avr/4.9.2/../../../avr/lib/avr35/crtatmega16u2.o
__vector_26                                       /usr/lib/gcc/avr/4.9.2/../../../avr/lib/avr35/crtatmega16u2.o
__vector_27                                       /usr/lib/gcc/avr/4.9.2/../../../avr/lib/avr35/crtatmega16u2.o
__vector_28                                       /usr/lib/gcc/avr/4.9.2/../../../avr/lib/avr35/crtatmega16u2.o
__vector_3                                        /usr/lib/gcc/avr/4.9.2/../../../avr/lib/avr35/crtatmega16u2.o
__vector_4                                        /usr/lib/gcc/avr/4.9.2/../../../avr/lib/avr35/crtatmega16u2.o
__vector_5                                        /usr/lib/gcc/avr/4.9.2/../../../avr/lib/avr35/crtatmega16u2.o
__vector_6                                        /usr/lib/gcc/avr/4.9.2/../../../avr/lib/avr35/crtatmega16u2.o
__vector_7                                        /usr/lib/gcc/avr/4.9.2/../../../avr/lib/avr35/crtatmega16u2.o
__vector_8                                        /usr/lib/gcc/avr/4.9.2/../../../avr/lib/avr35/crtatmega16u2.o
__vector_9                                        /usr/lib/gcc/avr/4.9.2/../../../avr/lib/avr35/crtatmega16u2.o
__vector_default                                  /usr/lib/gcc/avr/4.9.2/../../../avr/lib/avr35/crtatmega16u2.o
__vectors                                         /usr/lib/gcc/avr/4.9.2/../../../avr/lib/avr35/crtatmega16u2.o
_exit                                             /usr/lib/gcc/avr/4.9.2/avr35/libgcc.a(_exit.o)
eeprom_read_byte                                  /usr/lib/gcc/avr/4.9.2/../../../avr/lib/avr35/libatmega16u2.a(eerd_byte.o)
                                                  obj/EndpointStream_AVR8.o
eeprom_update_byte                                /usr/lib/gcc/avr/4.9.2/../../../avr/lib/avr35/libatmega16u2.a(eeupd_byte.o)
                                                  obj/EndpointStream_AVR8.o
eeprom_update_r18                                 /usr/lib/gcc/avr/4.9.2/../../../avr/lib/avr35/libatmega16u2.a(eeupd_byte.o)
exit                                              /usr/lib/gcc/avr/4.9.2/avr35/libgcc.a(_exit.o)
                                                  /usr/lib/gcc/avr/4.9.2/../../../avr/lib/avr35/crtatmega16u2.o
main                                              obj/USBtoSerial.o
                                                  /usr/lib/gcc/avr/4.9.2/../../../avr/lib/avr35/crtatmega16u2.o
memcmp                                            /usr/lib/gcc/avr/4.9.2/../../../avr/lib/avr35/libc.a(memcmp.o)
                                                  obj/HIDClassDevice.o
memcpy                                            /usr/lib/gcc/avr/4.9.2/../../../avr/lib/avr35/libc.a(memcpy.o)
                                                  obj/RNDISClassDevice.o
                                                  obj/HIDClassDevice.o
memcpy_P                                          /usr/lib/gcc/avr/4.9.2/../../../avr/lib/avr35/libc.a(memcpy_P.o)
                                                  obj/RNDISClassDevice.o
memset                                            /usr/lib/gcc/avr/4.9.2/../../../avr/lib/avr35/libc.a(memset.o)
                                                  obj/HIDClassDevice.o
